// Jest Snapshot v1, https://goo.gl/fbAQLP

exports[`CardContainer matches the snapshot 1`] = `
ShallowWrapper {
  "length": 1,
  Symbol(enzyme.__root__): [Circular],
  Symbol(enzyme.__unrendered__): <Unknown
    favorites={
        Array [
            Object {
              "movie_id": "1",
              "title": "movie1",
            },
          ]
    }
    movies={
        Array [
            Object {
              "movie_id": "1",
              "title": "movie1",
            },
            Object {
              "movie_id": "2",
              "title": "movie2",
            },
            Object {
              "movie_id": "3",
              "title": "movie3",
            },
          ]
    }
/>,
  Symbol(enzyme.__renderer__): Object {
    "batchedUpdates": [Function],
    "getNode": [Function],
    "render": [Function],
    "simulateEvent": [Function],
    "unmount": [Function],
  },
  Symbol(enzyme.__node__): Object {
    "instance": null,
    "key": undefined,
    "nodeType": "host",
    "props": Object {
      "children": Array [
        <div
          className="card-container"
>
          <Connect(Card)
                    isFavorite={true}
                    movie={
                              Object {
                                        "movie_id": "1",
                                        "title": "movie1",
                                      }
                    }
          />
          <Connect(Card)
                    isFavorite={false}
                    movie={
                              Object {
                                        "movie_id": "2",
                                        "title": "movie2",
                                      }
                    }
          />
          <Connect(Card)
                    isFavorite={false}
                    movie={
                              Object {
                                        "movie_id": "3",
                                        "title": "movie3",
                                      }
                    }
          />
</div>,
        undefined,
      ],
    },
    "ref": null,
    "rendered": Array [
      Object {
        "instance": null,
        "key": undefined,
        "nodeType": "host",
        "props": Object {
          "children": Array [
            <Connect(Card)
              isFavorite={true}
              movie={
                            Object {
                                          "movie_id": "1",
                                          "title": "movie1",
                                        }
              }
/>,
            <Connect(Card)
              isFavorite={false}
              movie={
                            Object {
                                          "movie_id": "2",
                                          "title": "movie2",
                                        }
              }
/>,
            <Connect(Card)
              isFavorite={false}
              movie={
                            Object {
                                          "movie_id": "3",
                                          "title": "movie3",
                                        }
              }
/>,
          ],
          "className": "card-container",
        },
        "ref": null,
        "rendered": Array [
          Object {
            "instance": null,
            "key": "1",
            "nodeType": "class",
            "props": Object {
              "isFavorite": true,
              "movie": Object {
                "movie_id": "1",
                "title": "movie1",
              },
            },
            "ref": null,
            "rendered": null,
            "type": [Function],
          },
          Object {
            "instance": null,
            "key": "2",
            "nodeType": "class",
            "props": Object {
              "isFavorite": false,
              "movie": Object {
                "movie_id": "2",
                "title": "movie2",
              },
            },
            "ref": null,
            "rendered": null,
            "type": [Function],
          },
          Object {
            "instance": null,
            "key": "3",
            "nodeType": "class",
            "props": Object {
              "isFavorite": false,
              "movie": Object {
                "movie_id": "3",
                "title": "movie3",
              },
            },
            "ref": null,
            "rendered": null,
            "type": [Function],
          },
        ],
        "type": "div",
      },
      undefined,
    ],
    "type": "div",
  },
  Symbol(enzyme.__nodes__): Array [
    Object {
      "instance": null,
      "key": undefined,
      "nodeType": "host",
      "props": Object {
        "children": Array [
          <div
            className="card-container"
>
            <Connect(Card)
                        isFavorite={true}
                        movie={
                                    Object {
                                                "movie_id": "1",
                                                "title": "movie1",
                                              }
                        }
            />
            <Connect(Card)
                        isFavorite={false}
                        movie={
                                    Object {
                                                "movie_id": "2",
                                                "title": "movie2",
                                              }
                        }
            />
            <Connect(Card)
                        isFavorite={false}
                        movie={
                                    Object {
                                                "movie_id": "3",
                                                "title": "movie3",
                                              }
                        }
            />
</div>,
          undefined,
        ],
      },
      "ref": null,
      "rendered": Array [
        Object {
          "instance": null,
          "key": undefined,
          "nodeType": "host",
          "props": Object {
            "children": Array [
              <Connect(Card)
                isFavorite={true}
                movie={
                                Object {
                                                "movie_id": "1",
                                                "title": "movie1",
                                              }
                }
/>,
              <Connect(Card)
                isFavorite={false}
                movie={
                                Object {
                                                "movie_id": "2",
                                                "title": "movie2",
                                              }
                }
/>,
              <Connect(Card)
                isFavorite={false}
                movie={
                                Object {
                                                "movie_id": "3",
                                                "title": "movie3",
                                              }
                }
/>,
            ],
            "className": "card-container",
          },
          "ref": null,
          "rendered": Array [
            Object {
              "instance": null,
              "key": "1",
              "nodeType": "class",
              "props": Object {
                "isFavorite": true,
                "movie": Object {
                  "movie_id": "1",
                  "title": "movie1",
                },
              },
              "ref": null,
              "rendered": null,
              "type": [Function],
            },
            Object {
              "instance": null,
              "key": "2",
              "nodeType": "class",
              "props": Object {
                "isFavorite": false,
                "movie": Object {
                  "movie_id": "2",
                  "title": "movie2",
                },
              },
              "ref": null,
              "rendered": null,
              "type": [Function],
            },
            Object {
              "instance": null,
              "key": "3",
              "nodeType": "class",
              "props": Object {
                "isFavorite": false,
                "movie": Object {
                  "movie_id": "3",
                  "title": "movie3",
                },
              },
              "ref": null,
              "rendered": null,
              "type": [Function],
            },
          ],
          "type": "div",
        },
        undefined,
      ],
      "type": "div",
    },
  ],
  Symbol(enzyme.__options__): Object {
    "adapter": ReactSixteenAdapter {
      "options": Object {
        "enableComponentDidUpdateOnSetState": true,
      },
    },
  },
}
`;
