// Jest Snapshot v1, https://goo.gl/fbAQLP

exports[`Card should match the snapshot 1`] = `
ShallowWrapper {
  "length": 1,
  Symbol(enzyme.__root__): [Circular],
  Symbol(enzyme.__unrendered__): <Card
    addFavoriteToStore={[Function]}
    isFavorite={false}
    movie={
        Object {
            "isFavorite": false,
            "movie_id": 338970,
            "overview": "Lara Croft, the fiercely independent daughter of",
            "poster_path": "/ePyN2nX9t8SOl70eRW47Q29zUFO.jpg",
            "release_date": "2018-03-08",
            "title": "Tomb Raider",
            "vote_average": 6.2,
          }
    }
    removeFavoriteFromStore={[Function]}
    setError={[Function]}
    user={
        Object {
            "email": "tman2272@aol.com",
            "id": 1,
            "name": "Taylor",
            "password": "password",
          }
    }
/>,
  Symbol(enzyme.__renderer__): Object {
    "batchedUpdates": [Function],
    "getNode": [Function],
    "render": [Function],
    "simulateEvent": [Function],
    "unmount": [Function],
  },
  Symbol(enzyme.__node__): Object {
    "instance": null,
    "key": undefined,
    "nodeType": "host",
    "props": Object {
      "children": Array [
        <img
          alt="movie poster"
          src="https://image.tmdb.org/t/p/w200//ePyN2nX9t8SOl70eRW47Q29zUFO.jpg"
/>,
        <div
          className="movieDetails"
>
          <div
                    className="title"
          >
                    <h4>
                              Tomb Raider
                    </h4>
          </div>
          <div
                    className="overview"
          >
                    <p>
                              Lara Croft, the fiercely independent daughter of
                    </p>
          </div>
          <div
                    className="rating"
          >
                    <h4>
                              Rating: 
                              6.2
                    </h4>
          </div>
</div>,
        <img
          alt="add to favorites button"
          className="addFavoriteIcon"
          onClick={[Function]}
          src="fav-selected.png"
/>,
        <div
          className="addFaveError"
          hidden={true}
>
          <p>
                    You must
          </p>
          <h4>
                    <Link
                              replace={false}
                              to="/login"
                    >
                              Login
                    </Link>
          </h4>
          <p>
                    or
          </p>
          <h4>
                    <Link
                              replace={false}
                              to="/signup"
                    >
                              Sign Up
                    </Link>
          </h4>
          <p>
                    before adding favorites.
          </p>
</div>,
      ],
      "className": "card ",
    },
    "ref": null,
    "rendered": Array [
      Object {
        "instance": null,
        "key": undefined,
        "nodeType": "host",
        "props": Object {
          "alt": "movie poster",
          "src": "https://image.tmdb.org/t/p/w200//ePyN2nX9t8SOl70eRW47Q29zUFO.jpg",
        },
        "ref": null,
        "rendered": null,
        "type": "img",
      },
      Object {
        "instance": null,
        "key": undefined,
        "nodeType": "host",
        "props": Object {
          "children": Array [
            <div
              className="title"
>
              <h4>
                            Tomb Raider
              </h4>
</div>,
            <div
              className="overview"
>
              <p>
                            Lara Croft, the fiercely independent daughter of
              </p>
</div>,
            <div
              className="rating"
>
              <h4>
                            Rating: 
                            6.2
              </h4>
</div>,
          ],
          "className": "movieDetails",
        },
        "ref": null,
        "rendered": Array [
          Object {
            "instance": null,
            "key": undefined,
            "nodeType": "host",
            "props": Object {
              "children": <h4>
                Tomb Raider
</h4>,
              "className": "title",
            },
            "ref": null,
            "rendered": Object {
              "instance": null,
              "key": undefined,
              "nodeType": "host",
              "props": Object {
                "children": "Tomb Raider",
              },
              "ref": null,
              "rendered": "Tomb Raider",
              "type": "h4",
            },
            "type": "div",
          },
          Object {
            "instance": null,
            "key": undefined,
            "nodeType": "host",
            "props": Object {
              "children": <p>
                Lara Croft, the fiercely independent daughter of
</p>,
              "className": "overview",
            },
            "ref": null,
            "rendered": Object {
              "instance": null,
              "key": undefined,
              "nodeType": "host",
              "props": Object {
                "children": "Lara Croft, the fiercely independent daughter of",
              },
              "ref": null,
              "rendered": "Lara Croft, the fiercely independent daughter of",
              "type": "p",
            },
            "type": "div",
          },
          Object {
            "instance": null,
            "key": undefined,
            "nodeType": "host",
            "props": Object {
              "children": <h4>
                Rating: 
                6.2
</h4>,
              "className": "rating",
            },
            "ref": null,
            "rendered": Object {
              "instance": null,
              "key": undefined,
              "nodeType": "host",
              "props": Object {
                "children": Array [
                  "Rating: ",
                  6.2,
                ],
              },
              "ref": null,
              "rendered": Array [
                "Rating: ",
                6.2,
              ],
              "type": "h4",
            },
            "type": "div",
          },
        ],
        "type": "div",
      },
      Object {
        "instance": null,
        "key": undefined,
        "nodeType": "host",
        "props": Object {
          "alt": "add to favorites button",
          "className": "addFavoriteIcon",
          "onClick": [Function],
          "src": "fav-selected.png",
        },
        "ref": null,
        "rendered": null,
        "type": "img",
      },
      Object {
        "instance": null,
        "key": undefined,
        "nodeType": "host",
        "props": Object {
          "children": Array [
            <p>
              You must
</p>,
            <h4>
              <Link
                            replace={false}
                            to="/login"
              >
                            Login
              </Link>
</h4>,
            <p>
              or
</p>,
            <h4>
              <Link
                            replace={false}
                            to="/signup"
              >
                            Sign Up
              </Link>
</h4>,
            <p>
              before adding favorites.
</p>,
          ],
          "className": "addFaveError",
          "hidden": true,
        },
        "ref": null,
        "rendered": Array [
          Object {
            "instance": null,
            "key": undefined,
            "nodeType": "host",
            "props": Object {
              "children": "You must",
            },
            "ref": null,
            "rendered": "You must",
            "type": "p",
          },
          Object {
            "instance": null,
            "key": undefined,
            "nodeType": "host",
            "props": Object {
              "children": <Link
                replace={false}
                to="/login"
>
                Login
</Link>,
            },
            "ref": null,
            "rendered": Object {
              "instance": null,
              "key": undefined,
              "nodeType": "class",
              "props": Object {
                "children": "Login",
                "replace": false,
                "to": "/login",
              },
              "ref": null,
              "rendered": "Login",
              "type": [Function],
            },
            "type": "h4",
          },
          Object {
            "instance": null,
            "key": undefined,
            "nodeType": "host",
            "props": Object {
              "children": "or",
            },
            "ref": null,
            "rendered": "or",
            "type": "p",
          },
          Object {
            "instance": null,
            "key": undefined,
            "nodeType": "host",
            "props": Object {
              "children": <Link
                replace={false}
                to="/signup"
>
                Sign Up
</Link>,
            },
            "ref": null,
            "rendered": Object {
              "instance": null,
              "key": undefined,
              "nodeType": "class",
              "props": Object {
                "children": "Sign Up",
                "replace": false,
                "to": "/signup",
              },
              "ref": null,
              "rendered": "Sign Up",
              "type": [Function],
            },
            "type": "h4",
          },
          Object {
            "instance": null,
            "key": undefined,
            "nodeType": "host",
            "props": Object {
              "children": "before adding favorites.",
            },
            "ref": null,
            "rendered": "before adding favorites.",
            "type": "p",
          },
        ],
        "type": "div",
      },
    ],
    "type": "div",
  },
  Symbol(enzyme.__nodes__): Array [
    Object {
      "instance": null,
      "key": undefined,
      "nodeType": "host",
      "props": Object {
        "children": Array [
          <img
            alt="movie poster"
            src="https://image.tmdb.org/t/p/w200//ePyN2nX9t8SOl70eRW47Q29zUFO.jpg"
/>,
          <div
            className="movieDetails"
>
            <div
                        className="title"
            >
                        <h4>
                                    Tomb Raider
                        </h4>
            </div>
            <div
                        className="overview"
            >
                        <p>
                                    Lara Croft, the fiercely independent daughter of
                        </p>
            </div>
            <div
                        className="rating"
            >
                        <h4>
                                    Rating: 
                                    6.2
                        </h4>
            </div>
</div>,
          <img
            alt="add to favorites button"
            className="addFavoriteIcon"
            onClick={[Function]}
            src="fav-selected.png"
/>,
          <div
            className="addFaveError"
            hidden={true}
>
            <p>
                        You must
            </p>
            <h4>
                        <Link
                                    replace={false}
                                    to="/login"
                        >
                                    Login
                        </Link>
            </h4>
            <p>
                        or
            </p>
            <h4>
                        <Link
                                    replace={false}
                                    to="/signup"
                        >
                                    Sign Up
                        </Link>
            </h4>
            <p>
                        before adding favorites.
            </p>
</div>,
        ],
        "className": "card ",
      },
      "ref": null,
      "rendered": Array [
        Object {
          "instance": null,
          "key": undefined,
          "nodeType": "host",
          "props": Object {
            "alt": "movie poster",
            "src": "https://image.tmdb.org/t/p/w200//ePyN2nX9t8SOl70eRW47Q29zUFO.jpg",
          },
          "ref": null,
          "rendered": null,
          "type": "img",
        },
        Object {
          "instance": null,
          "key": undefined,
          "nodeType": "host",
          "props": Object {
            "children": Array [
              <div
                className="title"
>
                <h4>
                                Tomb Raider
                </h4>
</div>,
              <div
                className="overview"
>
                <p>
                                Lara Croft, the fiercely independent daughter of
                </p>
</div>,
              <div
                className="rating"
>
                <h4>
                                Rating: 
                                6.2
                </h4>
</div>,
            ],
            "className": "movieDetails",
          },
          "ref": null,
          "rendered": Array [
            Object {
              "instance": null,
              "key": undefined,
              "nodeType": "host",
              "props": Object {
                "children": <h4>
                  Tomb Raider
</h4>,
                "className": "title",
              },
              "ref": null,
              "rendered": Object {
                "instance": null,
                "key": undefined,
                "nodeType": "host",
                "props": Object {
                  "children": "Tomb Raider",
                },
                "ref": null,
                "rendered": "Tomb Raider",
                "type": "h4",
              },
              "type": "div",
            },
            Object {
              "instance": null,
              "key": undefined,
              "nodeType": "host",
              "props": Object {
                "children": <p>
                  Lara Croft, the fiercely independent daughter of
</p>,
                "className": "overview",
              },
              "ref": null,
              "rendered": Object {
                "instance": null,
                "key": undefined,
                "nodeType": "host",
                "props": Object {
                  "children": "Lara Croft, the fiercely independent daughter of",
                },
                "ref": null,
                "rendered": "Lara Croft, the fiercely independent daughter of",
                "type": "p",
              },
              "type": "div",
            },
            Object {
              "instance": null,
              "key": undefined,
              "nodeType": "host",
              "props": Object {
                "children": <h4>
                  Rating: 
                  6.2
</h4>,
                "className": "rating",
              },
              "ref": null,
              "rendered": Object {
                "instance": null,
                "key": undefined,
                "nodeType": "host",
                "props": Object {
                  "children": Array [
                    "Rating: ",
                    6.2,
                  ],
                },
                "ref": null,
                "rendered": Array [
                  "Rating: ",
                  6.2,
                ],
                "type": "h4",
              },
              "type": "div",
            },
          ],
          "type": "div",
        },
        Object {
          "instance": null,
          "key": undefined,
          "nodeType": "host",
          "props": Object {
            "alt": "add to favorites button",
            "className": "addFavoriteIcon",
            "onClick": [Function],
            "src": "fav-selected.png",
          },
          "ref": null,
          "rendered": null,
          "type": "img",
        },
        Object {
          "instance": null,
          "key": undefined,
          "nodeType": "host",
          "props": Object {
            "children": Array [
              <p>
                You must
</p>,
              <h4>
                <Link
                                replace={false}
                                to="/login"
                >
                                Login
                </Link>
</h4>,
              <p>
                or
</p>,
              <h4>
                <Link
                                replace={false}
                                to="/signup"
                >
                                Sign Up
                </Link>
</h4>,
              <p>
                before adding favorites.
</p>,
            ],
            "className": "addFaveError",
            "hidden": true,
          },
          "ref": null,
          "rendered": Array [
            Object {
              "instance": null,
              "key": undefined,
              "nodeType": "host",
              "props": Object {
                "children": "You must",
              },
              "ref": null,
              "rendered": "You must",
              "type": "p",
            },
            Object {
              "instance": null,
              "key": undefined,
              "nodeType": "host",
              "props": Object {
                "children": <Link
                  replace={false}
                  to="/login"
>
                  Login
</Link>,
              },
              "ref": null,
              "rendered": Object {
                "instance": null,
                "key": undefined,
                "nodeType": "class",
                "props": Object {
                  "children": "Login",
                  "replace": false,
                  "to": "/login",
                },
                "ref": null,
                "rendered": "Login",
                "type": [Function],
              },
              "type": "h4",
            },
            Object {
              "instance": null,
              "key": undefined,
              "nodeType": "host",
              "props": Object {
                "children": "or",
              },
              "ref": null,
              "rendered": "or",
              "type": "p",
            },
            Object {
              "instance": null,
              "key": undefined,
              "nodeType": "host",
              "props": Object {
                "children": <Link
                  replace={false}
                  to="/signup"
>
                  Sign Up
</Link>,
              },
              "ref": null,
              "rendered": Object {
                "instance": null,
                "key": undefined,
                "nodeType": "class",
                "props": Object {
                  "children": "Sign Up",
                  "replace": false,
                  "to": "/signup",
                },
                "ref": null,
                "rendered": "Sign Up",
                "type": [Function],
              },
              "type": "h4",
            },
            Object {
              "instance": null,
              "key": undefined,
              "nodeType": "host",
              "props": Object {
                "children": "before adding favorites.",
              },
              "ref": null,
              "rendered": "before adding favorites.",
              "type": "p",
            },
          ],
          "type": "div",
        },
      ],
      "type": "div",
    },
  ],
  Symbol(enzyme.__options__): Object {
    "adapter": ReactSixteenAdapter {
      "options": Object {
        "enableComponentDidUpdateOnSetState": true,
      },
    },
  },
}
`;
