// Jest Snapshot v1, https://goo.gl/fbAQLP

exports[`Favorites matches the snapshot 1`] = `
ShallowWrapper {
  "length": 1,
  Symbol(enzyme.__root__): [Circular],
  Symbol(enzyme.__unrendered__): <Unknown
    favorites={
        Array [
            Object {
              "movie_id": "1",
              "title": "movie1",
            },
          ]
    }
/>,
  Symbol(enzyme.__renderer__): Object {
    "batchedUpdates": [Function],
    "getNode": [Function],
    "render": [Function],
    "simulateEvent": [Function],
    "unmount": [Function],
  },
  Symbol(enzyme.__node__): Object {
    "instance": null,
    "key": undefined,
    "nodeType": "host",
    "props": Object {
      "children": <div
        className="favorites"
>
        <Connect(Card)
                isFavorite={true}
                movie={
                        Object {
                                "movie_id": "1",
                                "title": "movie1",
                              }
                }
        />
</div>,
    },
    "ref": null,
    "rendered": Object {
      "instance": null,
      "key": undefined,
      "nodeType": "host",
      "props": Object {
        "children": Array [
          <Connect(Card)
            isFavorite={true}
            movie={
                        Object {
                                    "movie_id": "1",
                                    "title": "movie1",
                                  }
            }
/>,
        ],
        "className": "favorites",
      },
      "ref": null,
      "rendered": Array [
        Object {
          "instance": null,
          "key": "1",
          "nodeType": "class",
          "props": Object {
            "isFavorite": true,
            "movie": Object {
              "movie_id": "1",
              "title": "movie1",
            },
          },
          "ref": null,
          "rendered": null,
          "type": [Function],
        },
      ],
      "type": "div",
    },
    "type": "div",
  },
  Symbol(enzyme.__nodes__): Array [
    Object {
      "instance": null,
      "key": undefined,
      "nodeType": "host",
      "props": Object {
        "children": <div
          className="favorites"
>
          <Connect(Card)
                    isFavorite={true}
                    movie={
                              Object {
                                        "movie_id": "1",
                                        "title": "movie1",
                                      }
                    }
          />
</div>,
      },
      "ref": null,
      "rendered": Object {
        "instance": null,
        "key": undefined,
        "nodeType": "host",
        "props": Object {
          "children": Array [
            <Connect(Card)
              isFavorite={true}
              movie={
                            Object {
                                          "movie_id": "1",
                                          "title": "movie1",
                                        }
              }
/>,
          ],
          "className": "favorites",
        },
        "ref": null,
        "rendered": Array [
          Object {
            "instance": null,
            "key": "1",
            "nodeType": "class",
            "props": Object {
              "isFavorite": true,
              "movie": Object {
                "movie_id": "1",
                "title": "movie1",
              },
            },
            "ref": null,
            "rendered": null,
            "type": [Function],
          },
        ],
        "type": "div",
      },
      "type": "div",
    },
  ],
  Symbol(enzyme.__options__): Object {
    "adapter": ReactSixteenAdapter {
      "options": Object {
        "enableComponentDidUpdateOnSetState": true,
      },
    },
  },
}
`;
